// Jest Snapshot v1, https://goo.gl/fbAQLP

exports[`the header component renders the component 1`] = `
<header
  className="header"
>
  <div
    className="header__logo"
  />
  <h1
    className="header__title"
  >
    Brick experiences
  </h1>
  <div
    className="header__main-menu"
  />
</header>
`;
