// Jest Snapshot v1, https://goo.gl/fbAQLP

exports[`the filter component renders the component 1`] = `
<div
  className="filter"
>
  <button
    className="filter__toggle-button"
    onClick={[Function]}
  >
    Toggle Filter
  </button>
  <div
    className="filter__content"
  >
    <label
      className="filter__text-label"
      htmlFor="searchField"
    >
      Search:
    </label>
    <input
      className="filter__text-input"
      id="searchField"
      onChange={[Function]}
      type="search"
      value=""
    />
    <fieldset>
      <legend>
        Filter by category
      </legend>
      <label
        className="filter__check-category"
        key="animals0"
      >
        <input
          onChange={[Function]}
          type="checkbox"
          value="animals"
        />
        <span>
          animals
        </span>
      </label>
      <label
        className="filter__check-category"
        key="sports1"
      >
        <input
          onChange={[Function]}
          type="checkbox"
          value="sports"
        />
        <span>
          sports
        </span>
      </label>
      <label
        className="filter__check-category"
        key="brain games2"
      >
        <input
          onChange={[Function]}
          type="checkbox"
          value="brain games"
        />
        <span>
          brain games
        </span>
      </label>
    </fieldset>
    <fieldset
      className="filter__price-field"
    >
      <legend>
        Filter by Price
      </legend>
      <label
        className="filter__text-label"
        htmlFor="minPrice"
      >
        min.
      </label>
      <input
        className="filter__text-input"
        id="minPrice"
        min="0"
        onChange={[Function]}
        type="number"
        value={0}
      />
      <label
        className="filter__text-label"
        htmlFor="maxPrice"
      >
        max.
      </label>
      <input
        className="filter__text-input"
        id="maxPrice"
        min="0"
        onChange={[Function]}
        type="number"
        value={246}
      />
    </fieldset>
  </div>
</div>
`;
