// Jest Snapshot v1, https://goo.gl/fbAQLP

exports[`the result item component renders the component 1`] = `
<li
  className="result-item"
>
  <h3
    className="result-item__title"
  >
    test experience
  </h3>
  <p
    className="result-item__paragraph"
  >
    description of the experience
  </p>
  <p
    className="result-item__paragraph"
  >
    Category: brain games
  </p>
  <p
    className="result-item__price"
  >
    Price: USD 234
  </p>
</li>
`;
