// Jest Snapshot v1, https://goo.gl/fbAQLP

exports[`the result item component renders the component 1`] = `
<li>
  <p>
    Name:
    test experience
  </p>
  <p>
    Description:
    description of the experience
  </p>
  <p>
    Category:
    brain games
  </p>
  <p>
    Price:
    USD
    234
  </p>
</li>
`;
